=========================
system snapshot: Wed Jan  7 08:53:34 EST 2026
CPU Usage:
%Cpu(s):  0.0 us,  1.1 sy,  0.0 ni, 98.9 id,  0.0 wa,  0.0 hi,  0.0 si,  0.0 st 
Memory Usage:
               total        used        free      shared  buff/cache   available
Mem:           7.6Gi       579Mi       7.0Gi       3.7Mi       183Mi       7.0Gi
Swap:          2.0Gi          0B       2.0Gi

=========================
system snapshot: Wed Jan  7 08:53:58 EST 2026
CPU Usage:
%Cpu(s):  0.0 us,  0.0 sy,  0.0 ni,100.0 id,  0.0 wa,  0.0 hi,  0.0 si,  0.0 st 
Memory Usage:
               total        used        free      shared  buff/cache   available
Mem:           7.6Gi       579Mi       7.0Gi       3.7Mi       184Mi       7.0Gi
Swap:          2.0Gi          0B       2.0Gi

=========================
system snapshot: Wed Jan  7 09:18:11 EST 2026

CPU Usage(summary):
%Cpu(s):  0.0 us,  2.1 sy,  0.0 ni, 97.9 id,  0.0 wa,  0.0 hi,  0.0 si,  0.0 st 

Memory Usage:
               total        used        free      shared  buff/cache   available
Mem:           7.6Gi       575Mi       7.0Gi       3.7Mi       188Mi       7.0Gi
Swap:          2.0Gi          0B       2.0Gi

Disk Usage
Filesystem      Size  Used Avail Use% Mounted on
none            3.8G     0  3.8G   0% /usr/lib/modules/6.6.87.2-microsoft-standard-WSL2
none            3.8G  4.0K  3.8G   1% /mnt/wsl
drivers         477G   45G  432G  10% /usr/lib/wsl/drivers
/dev/sdd       1007G  1.8G  954G   1% /
none            3.8G  320K  3.8G   1% /mnt/wslg
none            3.8G     0  3.8G   0% /usr/lib/wsl/lib
rootfs          3.8G  2.7M  3.8G   1% /init
none            3.8G  508K  3.8G   1% /run
none            3.8G     0  3.8G   0% /run/lock
none            3.8G     0  3.8G   0% /run/shm
none            3.8G   76K  3.8G   1% /mnt/wslg/versions.txt
none            3.8G   76K  3.8G   1% /mnt/wslg/doc
C:\             477G   45G  432G  10% /mnt/c
tmpfs           774M   20K  774M   1% /run/user/1000

